TODO: Golden MIDI - Bassline simple (16 pas, moog.subsequent37)
