TODO: Golden MIDI - Pattern de batterie basique (16 pas, behringer.rd9)
